// Jest Snapshot v1, https://goo.gl/fbAQLP

exports[`should render expense list item 1`] = `
<div>
  <Link
    replace={false}
    to="/edit/1"
  >
    <h3>
      Description:
      Gum
    </h3>
  </Link>
  <p>
    Amount:
    195
  </p>
  <p>
    CreatedAt:
    0
  </p>
</div>
`;
